Archive member included to satisfy reference by file (symbol)

c:/ac6/systemworkbench/plugins/fr.ac6.mcu.externaltools.arm-none.win32_1.7.0.201602121829/tools/compiler/bin/../lib/gcc/arm-none-eabi/5.2.1/../../../../arm-none-eabi/lib/armv7e-m/fpu\libc_nano.a(lib_a-exit.o)
                              c:/ac6/systemworkbench/plugins/fr.ac6.mcu.externaltools.arm-none.win32_1.7.0.201602121829/tools/compiler/bin/../lib/gcc/arm-none-eabi/5.2.1/../../../../arm-none-eabi/lib/armv7e-m/fpu/crt0.o (exit)
c:/ac6/systemworkbench/plugins/fr.ac6.mcu.externaltools.arm-none.win32_1.7.0.201602121829/tools/compiler/bin/../lib/gcc/arm-none-eabi/5.2.1/../../../../arm-none-eabi/lib/armv7e-m/fpu\libc_nano.a(lib_a-impure.o)
                              c:/ac6/systemworkbench/plugins/fr.ac6.mcu.externaltools.arm-none.win32_1.7.0.201602121829/tools/compiler/bin/../lib/gcc/arm-none-eabi/5.2.1/../../../../arm-none-eabi/lib/armv7e-m/fpu\libc_nano.a(lib_a-exit.o) (_global_impure_ptr)
c:/ac6/systemworkbench/plugins/fr.ac6.mcu.externaltools.arm-none.win32_1.7.0.201602121829/tools/compiler/bin/../lib/gcc/arm-none-eabi/5.2.1/../../../../arm-none-eabi/lib/armv7e-m/fpu\libc_nano.a(lib_a-init.o)
                              c:/ac6/systemworkbench/plugins/fr.ac6.mcu.externaltools.arm-none.win32_1.7.0.201602121829/tools/compiler/bin/../lib/gcc/arm-none-eabi/5.2.1/../../../../arm-none-eabi/lib/armv7e-m/fpu/crt0.o (__libc_init_array)
c:/ac6/systemworkbench/plugins/fr.ac6.mcu.externaltools.arm-none.win32_1.7.0.201602121829/tools/compiler/bin/../lib/gcc/arm-none-eabi/5.2.1/../../../../arm-none-eabi/lib/armv7e-m/fpu\libc_nano.a(lib_a-memset.o)
                              c:/ac6/systemworkbench/plugins/fr.ac6.mcu.externaltools.arm-none.win32_1.7.0.201602121829/tools/compiler/bin/../lib/gcc/arm-none-eabi/5.2.1/../../../../arm-none-eabi/lib/armv7e-m/fpu/crt0.o (memset)
c:/ac6/systemworkbench/plugins/fr.ac6.mcu.externaltools.arm-none.win32_1.7.0.201602121829/tools/compiler/bin/../lib/gcc/arm-none-eabi/5.2.1/../../../../arm-none-eabi/lib/armv7e-m/fpu\libnosys.a(_exit.o)
                              c:/ac6/systemworkbench/plugins/fr.ac6.mcu.externaltools.arm-none.win32_1.7.0.201602121829/tools/compiler/bin/../lib/gcc/arm-none-eabi/5.2.1/../../../../arm-none-eabi/lib/armv7e-m/fpu\libc_nano.a(lib_a-exit.o) (_exit)

Allocating common symbols
Common symbol       size              file

htim8               0x3c              Application/User/main.o
htim4               0x3c              Application/User/main.o
hadc2               0x48              Application/User/main.o
uwTick              0x4               Drivers/STM32F4xx_HAL_Driver/stm32f4xx_hal.o
pFlash              0x20              Drivers/STM32F4xx_HAL_Driver/stm32f4xx_hal_flash.o
htim5               0x3c              Application/User/main.o
htim3               0x3c              Application/User/main.o
huart5              0x40              Application/User/main.o
hadc1               0x48              Application/User/main.o
huart1              0x40              Application/User/main.o
htim1               0x3c              Application/User/main.o
htim9               0x3c              Application/User/main.o
huart4              0x40              Application/User/main.o
hspi1               0x58              Application/User/main.o
htim2               0x3c              Application/User/main.o
htim12              0x3c              Application/User/main.o

Discarded input sections

 .text          0x00000000        0x0 c:/ac6/systemworkbench/plugins/fr.ac6.mcu.externaltools.arm-none.win32_1.7.0.201602121829/tools/compiler/bin/../lib/gcc/arm-none-eabi/5.2.1/armv7e-m/fpu/crti.o
 .data          0x00000000        0x0 c:/ac6/systemworkbench/plugins/fr.ac6.mcu.externaltools.arm-none.win32_1.7.0.201602121829/tools/compiler/bin/../lib/gcc/arm-none-eabi/5.2.1/armv7e-m/fpu/crti.o
 .bss           0x00000000        0x0 c:/ac6/systemworkbench/plugins/fr.ac6.mcu.externaltools.arm-none.win32_1.7.0.201602121829/tools/compiler/bin/../lib/gcc/arm-none-eabi/5.2.1/armv7e-m/fpu/crti.o
 .data          0x00000000        0x4 c:/ac6/systemworkbench/plugins/fr.ac6.mcu.externaltools.arm-none.win32_1.7.0.201602121829/tools/compiler/bin/../lib/gcc/arm-none-eabi/5.2.1/armv7e-m/fpu/crtbegin.o
 .text          0x00000000       0x74 c:/ac6/systemworkbench/plugins/fr.ac6.mcu.externaltools.arm-none.win32_1.7.0.201602121829/tools/compiler/bin/../lib/gcc/arm-none-eabi/5.2.1/../../../../arm-none-eabi/lib/armv7e-m/fpu/crt0.o
 .data          0x00000000        0x0 c:/ac6/systemworkbench/plugins/fr.ac6.mcu.externaltools.arm-none.win32_1.7.0.201602121829/tools/compiler/bin/../lib/gcc/arm-none-eabi/5.2.1/../../../../arm-none-eabi/lib/armv7e-m/fpu/crt0.o
 .bss           0x00000000        0x0 c:/ac6/systemworkbench/plugins/fr.ac6.mcu.externaltools.arm-none.win32_1.7.0.201602121829/tools/compiler/bin/../lib/gcc/arm-none-eabi/5.2.1/../../../../arm-none-eabi/lib/armv7e-m/fpu/crt0.o
[...]
Memory Configuration

Name             Origin             Length             Attributes
RAM              0x20000000         0x00020000         xrw
FLASH            0x08000000         0x00080000         xr
*default*        0x00000000         0xffffffff

Linker script and memory map

LOAD c:/ac6/systemworkbench/plugins/fr.ac6.mcu.externaltools.arm-none.win32_1.7.0.201602121829/tools/compiler/bin/../lib/gcc/arm-none-eabi/5.2.1/armv7e-m/fpu/crti.o
LOAD c:/ac6/systemworkbench/plugins/fr.ac6.mcu.externaltools.arm-none.win32_1.7.0.201602121829/tools/compiler/bin/../lib/gcc/arm-none-eabi/5.2.1/armv7e-m/fpu/crtbegin.o
LOAD c:/ac6/systemworkbench/plugins/fr.ac6.mcu.externaltools.arm-none.win32_1.7.0.201602121829/tools/compiler/bin/../lib/gcc/arm-none-eabi/5.2.1/../../../../arm-none-eabi/lib/armv7e-m/fpu/crt0.o
LOAD c:/ac6/systemworkbench/plugins/fr.ac6.mcu.externaltools.arm-none.win32_1.7.0.201602121829/tools/compiler/bin/../lib/gcc/arm-none-eabi/5.2.1/../../../../arm-none-eabi/lib/armv7e-m/fpu\libm.a
LOAD Application/SW4STM32/startup_stm32f446xx.o
LOAD Application/User/main.o
LOAD Application/User/stm32f4xx_hal_msp.o
LOAD Application/User/stm32f4xx_it.o
LOAD Drivers/CMSIS/system_stm32f4xx.o
LOAD Drivers/STM32F4xx_HAL_Driver/stm32f4xx_hal.o
LOAD Drivers/STM32F4xx_HAL_Driver/stm32f4xx_hal_adc.o
LOAD Drivers/STM32F4xx_HAL_Driver/stm32f4xx_hal_adc_ex.o
LOAD Drivers/STM32F4xx_HAL_Driver/stm32f4xx_hal_cortex.o
LOAD Drivers/STM32F4xx_HAL_Driver/stm32f4xx_hal_dma.o
LOAD Drivers/STM32F4xx_HAL_Driver/stm32f4xx_hal_dma_ex.o
LOAD Drivers/STM32F4xx_HAL_Driver/stm32f4xx_hal_flash.o
LOAD Drivers/STM32F4xx_HAL_Driver/stm32f4xx_hal_flash_ex.o
LOAD Drivers/STM32F4xx_HAL_Driver/stm32f4xx_hal_flash_ramfunc.o
LOAD Drivers/STM32F4xx_HAL_Driver/stm32f4xx_hal_gpio.o
LOAD Drivers/STM32F4xx_HAL_Driver/stm32f4xx_hal_pwr.o
LOAD Drivers/STM32F4xx_HAL_Driver/stm32f4xx_hal_pwr_ex.o
LOAD Drivers/STM32F4xx_HAL_Driver/stm32f4xx_hal_rcc.o
LOAD Drivers/STM32F4xx_HAL_Driver/stm32f4xx_hal_rcc_ex.o
LOAD Drivers/STM32F4xx_HAL_Driver/stm32f4xx_hal_spi.o
LOAD Drivers/STM32F4xx_HAL_Driver/stm32f4xx_hal_tim.o
LOAD Drivers/STM32F4xx_HAL_Driver/stm32f4xx_hal_tim_ex.o
LOAD Drivers/STM32F4xx_HAL_Driver/stm32f4xx_hal_uart.o
START GROUP
LOAD c:/ac6/systemworkbench/plugins/fr.ac6.mcu.externaltools.arm-none.win32_1.7.0.201602121829/tools/compiler/bin/../lib/gcc/arm-none-eabi/5.2.1/armv7e-m/fpu\libgcc.a
LOAD c:/ac6/systemworkbench/plugins/fr.ac6.mcu.externaltools.arm-none.win32_1.7.0.201602121829/tools/compiler/bin/../lib/gcc/arm-none-eabi/5.2.1/../../../../arm-none-eabi/lib/armv7e-m/fpu\libc_nano.a
END GROUP
START GROUP
LOAD c:/ac6/systemworkbench/plugins/fr.ac6.mcu.externaltools.arm-none.win32_1.7.0.201602121829/tools/compiler/bin/../lib/gcc/arm-none-eabi/5.2.1/armv7e-m/fpu\libgcc.a
LOAD c:/ac6/systemworkbench/plugins/fr.ac6.mcu.externaltools.arm-none.win32_1.7.0.201602121829/tools/compiler/bin/../lib/gcc/arm-none-eabi/5.2.1/../../../../arm-none-eabi/lib/armv7e-m/fpu\libc_nano.a
LOAD c:/ac6/systemworkbench/plugins/fr.ac6.mcu.externaltools.arm-none.win32_1.7.0.201602121829/tools/compiler/bin/../lib/gcc/arm-none-eabi/5.2.1/../../../../arm-none-eabi/lib/armv7e-m/fpu\libnosys.a
END GROUP
START GROUP
LOAD c:/ac6/systemworkbench/plugins/fr.ac6.mcu.externaltools.arm-none.win32_1.7.0.201602121829/tools/compiler/bin/../lib/gcc/arm-none-eabi/5.2.1/armv7e-m/fpu\libgcc.a
LOAD c:/ac6/systemworkbench/plugins/fr.ac6.mcu.externaltools.arm-none.win32_1.7.0.201602121829/tools/compiler/bin/../lib/gcc/arm-none-eabi/5.2.1/../../../../arm-none-eabi/lib/armv7e-m/fpu\libc_nano.a
LOAD c:/ac6/systemworkbench/plugins/fr.ac6.mcu.externaltools.arm-none.win32_1.7.0.201602121829/tools/compiler/bin/../lib/gcc/arm-none-eabi/5.2.1/../../../../arm-none-eabi/lib/armv7e-m/fpu\libnosys.a
END GROUP
LOAD c:/ac6/systemworkbench/plugins/fr.ac6.mcu.externaltools.arm-none.win32_1.7.0.201602121829/tools/compiler/bin/../lib/gcc/arm-none-eabi/5.2.1/armv7e-m/fpu/crtend.o
LOAD c:/ac6/systemworkbench/plugins/fr.ac6.mcu.externaltools.arm-none.win32_1.7.0.201602121829/tools/compiler/bin/../lib/gcc/arm-none-eabi/5.2.1/armv7e-m/fpu/crtn.o
                0x20020000                _estack = 0x20020000
                0x00000200                _Min_Heap_Size = 0x200
                0x00000400                _Min_Stack_Size = 0x400

.isr_vector     0x08000000      0x1c4
                0x08000000                . = ALIGN (0x4)
 *(.isr_vector)
 .isr_vector    0x08000000      0x1c4 Application/SW4STM32/startup_stm32f446xx.o
                0x08000000                g_pfnVectors
                0x080001c4                . = ALIGN (0x4)

.text           0x080001c4     0x2130
                0x080001c4                . = ALIGN (0x4)
 *(.text)
 .text          0x080001c4       0xa4 c:/ac6/systemworkbench/plugins/fr.ac6.mcu.externaltools.arm-none.win32_1.7.0.201602121829/tools/compiler/bin/../lib/gcc/arm-none-eabi/5.2.1/armv7e-m/fpu/crtbegin.o
 *(.text*)
 .text.Reset_Handler
                0x08000268       0x50 Application/SW4STM32/startup_stm32f446xx.o
                0x08000268                Reset_Handler
 .text.Default_Handler
                0x080002b8        0x2 Application/SW4STM32/startup_stm32f446xx.o
                0x080002b8                RTC_Alarm_IRQHandler
                0x080002b8                EXTI2_IRQHandler
                0x080002b8                TIM8_CC_IRQHandler
                0x080002b8                DebugMon_Handler
                0x080002b8                SPI4_IRQHandler
                0x080002b8                TIM1_CC_IRQHandler
                0x080002b8                DMA2_Stream5_IRQHandler
                0x080002b8                HardFault_Handler
                0x080002b8                DMA1_Stream5_IRQHandler
                0x080002b8                PVD_IRQHandler
                0x080002b8                SDIO_IRQHandler
                0x080002b8                TAMP_STAMP_IRQHandler
                0x080002b8                PendSV_Handler
                0x080002b8                NMI_Handler
                0x080002b8                CAN2_RX1_IRQHandler
                0x080002b8                EXTI3_IRQHandler
                0x080002b8                TIM8_TRG_COM_TIM14_IRQHandler
                0x080002b8                TIM1_UP_TIM10_IRQHandler
                0x080002b8                TIM8_UP_TIM13_IRQHandler
                0x080002b8                I2C3_ER_IRQHandler
                0x080002b8                FMPI2C1_Event_IRQHandler
                0x080002b8                EXTI0_IRQHandler
                0x080002b8                I2C2_EV_IRQHandler
                0x080002b8                DMA1_Stream2_IRQHandler
                0x080002b8                CAN1_RX0_IRQHandler
                0x080002b8                FPU_IRQHandler
                0x080002b8                OTG_HS_WKUP_IRQHandler
                0x080002b8                UsageFault_Handler
                0x080002b8                CAN2_SCE_IRQHandler
                0x080002b8                DMA2_Stream2_IRQHandler
                0x080002b8                SPI1_IRQHandler
                0x080002b8                TIM6_DAC_IRQHandler
                0x080002b8                TIM1_BRK_TIM9_IRQHandler
                0x080002b8                DCMI_IRQHandler
                0x080002b8                CAN2_RX0_IRQHandler
                0x080002b8                DMA2_Stream3_IRQHandler
                0x080002b8                SAI2_IRQHandler
                0x080002b8                USART6_IRQHandler
                0x080002b8                USART3_IRQHandler
                0x080002b8                CAN1_RX1_IRQHandler
                0x080002b8                UART5_IRQHandler
                0x080002b8                DMA2_Stream0_IRQHandler
                0x080002b8                TIM4_IRQHandler
                0x080002b8                QUADSPI_IRQHandler
                0x080002b8                I2C1_EV_IRQHandler
                0x080002b8                DMA1_Stream6_IRQHandler
                0x080002b8                DMA1_Stream1_IRQHandler
                0x080002b8                UART4_IRQHandler
                0x080002b8                TIM3_IRQHandler
                0x080002b8                RCC_IRQHandler
                0x080002b8                TIM8_BRK_TIM12_IRQHandler
                0x080002b8                Default_Handler
                0x080002b8                CEC_IRQHandler
                0x080002b8                EXTI15_10_IRQHandler
                0x080002b8                ADC_IRQHandler
                0x080002b8                DMA1_Stream7_IRQHandler
                0x080002b8                TIM7_IRQHandler
                0x080002b8                CAN2_TX_IRQHandler
                0x080002b8                TIM5_IRQHandler
                0x080002b8                DMA2_Stream7_IRQHandler
                0x080002b8                I2C3_EV_IRQHandler
                0x080002b8                EXTI9_5_IRQHandler
                0x080002b8                RTC_WKUP_IRQHandler
                0x080002b8                SPDIF_RX_IRQHandler
                0x080002b8                SPI2_IRQHandler
                0x080002b8                OTG_HS_EP1_IN_IRQHandler
                0x080002b8                MemManage_Handler
                0x080002b8                DMA1_Stream0_IRQHandler
                0x080002b8                CAN1_TX_IRQHandler
                0x080002b8                SVC_Handler
                0x080002b8                EXTI4_IRQHandler
                0x080002b8                OTG_HS_EP1_OUT_IRQHandler
                0x080002b8                WWDG_IRQHandler
                0x080002b8                TIM2_IRQHandler
                0x080002b8                OTG_FS_WKUP_IRQHandler
                0x080002b8                TIM1_TRG_COM_TIM11_IRQHandler
                0x080002b8                OTG_HS_IRQHandler
                0x080002b8                EXTI1_IRQHandler
                0x080002b8                USART2_IRQHandler
                0x080002b8                I2C2_ER_IRQHandler
                0x080002b8                DMA2_Stream1_IRQHandler
                0x080002b8                CAN1_SCE_IRQHandler
                0x080002b8                FLASH_IRQHandler
                0x080002b8                DMA2_Stream4_IRQHandler
                0x080002b8                BusFault_Handler
                0x080002b8                USART1_IRQHandler
                0x080002b8                OTG_FS_IRQHandler
                0x080002b8                SPI3_IRQHandler
                0x080002b8                DMA1_Stream4_IRQHandler
                0x080002b8                I2C1_ER_IRQHandler
                0x080002b8                FMC_IRQHandler
                0x080002b8                DMA2_Stream6_IRQHandler
                0x080002b8                SAI1_IRQHandler
                0x080002b8                DMA1_Stream3_IRQHandler
                0x080002b8                FMPI2C1_Error_IRQHandler
 *fill*         0x080002ba        0x2 
 .text.MX_TIM1_Init
                0x080002bc       0xa0 Application/User/main.o
 .text.MX_TIM8_Init
                0x0800035c       0xa0 Application/User/main.o
 .text.SystemClock_Config
                0x080003fc       0xac Application/User/main.o
                0x080003fc                SystemClock_Config
 .text.startup.main
                0x080004a8      0x4a0 Application/User/main.o
                0x080004a8                main
 .text.HAL_MspInit
                0x08000948       0x60 Application/User/stm32f4xx_hal_msp.o
                0x08000948                HAL_MspInit
 .text.HAL_ADC_MspInit
                0x080009a8       0x70 Application/User/stm32f4xx_hal_msp.o
                0x080009a8                HAL_ADC_MspInit
 .text.HAL_SPI_MspInit
                0x08000a18       0x4c Application/User/stm32f4xx_hal_msp.o
                0x08000a18                HAL_SPI_MspInit
 .text.HAL_TIM_PWM_MspInit
                0x08000a64       0xc0 Application/User/stm32f4xx_hal_msp.o
                0x08000a64                HAL_TIM_PWM_MspInit
 .text.HAL_TIM_Encoder_MspInit
                0x08000b24       0x64 Application/User/stm32f4xx_hal_msp.o
                0x08000b24                HAL_TIM_Encoder_MspInit
 .text.HAL_TIM_IC_MspInit
                0x08000b88       0x74 Application/User/stm32f4xx_hal_msp.o
                0x08000b88                HAL_TIM_IC_MspInit
 .text.HAL_TIM_MspPostInit
                0x08000bfc       0xa8 Application/User/stm32f4xx_hal_msp.o
                0x08000bfc                HAL_TIM_MspPostInit
 .text.HAL_UART_MspInit
                0x08000ca4       0xe0 Application/User/stm32f4xx_hal_msp.o
                0x08000ca4                HAL_UART_MspInit
 .text.SysTick_Handler
                0x08000d84        0xe Application/User/stm32f4xx_it.o
                0x08000d84                SysTick_Handler
 *fill*         0x08000d92        0x2 
 .text.SystemInit
                0x08000d94       0x4c Drivers/CMSIS/system_stm32f4xx.o
                0x08000d94                SystemInit
 .text.HAL_InitTick
                0x08000de0       0x28 Drivers/STM32F4xx_HAL_Driver/stm32f4xx_hal.o
                0x08000de0                HAL_InitTick
 .text.HAL_Init
                0x08000e08       0x34 Drivers/STM32F4xx_HAL_Driver/stm32f4xx_hal.o
                0x08000e08                HAL_Init
 .text.HAL_IncTick
                0x08000e3c       0x10 Drivers/STM32F4xx_HAL_Driver/stm32f4xx_hal.o
                0x08000e3c                HAL_IncTick
 .text.HAL_GetTick
                0x08000e4c        0xc Drivers/STM32F4xx_HAL_Driver/stm32f4xx_hal.o
                0x08000e4c                HAL_GetTick
 .text.HAL_Delay
                0x08000e58       0x1a Drivers/STM32F4xx_HAL_Driver/stm32f4xx_hal.o
                0x08000e58                HAL_Delay
 *fill*         0x08000e72        0x2 
 .text.HAL_ADC_Init
                0x08000e74      0x154 Drivers/STM32F4xx_HAL_Driver/stm32f4xx_hal_adc.o
                0x08000e74                HAL_ADC_Init
 .text.HAL_ADC_ConfigChannel
                0x08000fc8      0x134 Drivers/STM32F4xx_HAL_Driver/stm32f4xx_hal_adc.o
                0x08000fc8                HAL_ADC_ConfigChannel
 .text.HAL_NVIC_SetPriorityGrouping
                0x080010fc       0x24 Drivers/STM32F4xx_HAL_Driver/stm32f4xx_hal_cortex.o
                0x080010fc                HAL_NVIC_SetPriorityGrouping
 .text.HAL_NVIC_SetPriority
                0x08001120       0x68 Drivers/STM32F4xx_HAL_Driver/stm32f4xx_hal_cortex.o
                0x08001120                HAL_NVIC_SetPriority
 .text.HAL_SYSTICK_Config
                0x08001188       0x2c Drivers/STM32F4xx_HAL_Driver/stm32f4xx_hal_cortex.o
                0x08001188                HAL_SYSTICK_Config
 .text.HAL_SYSTICK_CLKSourceConfig
                0x080011b4       0x18 Drivers/STM32F4xx_HAL_Driver/stm32f4xx_hal_cortex.o
                0x080011b4                HAL_SYSTICK_CLKSourceConfig
 .text.HAL_SYSTICK_Callback
                0x080011cc        0x2 Drivers/STM32F4xx_HAL_Driver/stm32f4xx_hal_cortex.o
                0x080011cc                HAL_SYSTICK_Callback
 .text.HAL_SYSTICK_IRQHandler
                0x080011ce        0x8 Drivers/STM32F4xx_HAL_Driver/stm32f4xx_hal_cortex.o
                0x080011ce                HAL_SYSTICK_IRQHandler
 *fill*         0x080011d6        0x2 
 .text.HAL_GPIO_Init
                0x080011d8      0x1b4 Drivers/STM32F4xx_HAL_Driver/stm32f4xx_hal_gpio.o
                0x080011d8                HAL_GPIO_Init
 .text.HAL_GPIO_WritePin
                0x0800138c        0x8 Drivers/STM32F4xx_HAL_Driver/stm32f4xx_hal_gpio.o
                0x0800138c                HAL_GPIO_WritePin
 .text.HAL_RCC_ClockConfig
                0x08001394      0x168 Drivers/STM32F4xx_HAL_Driver/stm32f4xx_hal_rcc.o
                0x08001394                HAL_RCC_ClockConfig
 .text.HAL_RCC_GetHCLKFreq
                0x080014fc        0xc Drivers/STM32F4xx_HAL_Driver/stm32f4xx_hal_rcc.o
                0x080014fc                HAL_RCC_GetHCLKFreq
 .text.HAL_RCC_GetPCLK1Freq
                0x08001508       0x30 Drivers/STM32F4xx_HAL_Driver/stm32f4xx_hal_rcc.o
                0x08001508                HAL_RCC_GetPCLK1Freq
 .text.HAL_RCC_GetPCLK2Freq
                0x08001538       0x30 Drivers/STM32F4xx_HAL_Driver/stm32f4xx_hal_rcc.o
                0x08001538                HAL_RCC_GetPCLK2Freq
 .text.HAL_RCC_OscConfig
                0x08001568      0x304 Drivers/STM32F4xx_HAL_Driver/stm32f4xx_hal_rcc_ex.o
                0x08001568                HAL_RCC_OscConfig
 .text.HAL_RCC_GetSysClockFreq
                0x0800186c       0xd0 Drivers/STM32F4xx_HAL_Driver/stm32f4xx_hal_rcc_ex.o
                0x0800186c                HAL_RCC_GetSysClockFreq
 .text.HAL_SPI_Init
                0x0800193c       0x7a Drivers/STM32F4xx_HAL_Driver/stm32f4xx_hal_spi.o
                0x0800193c                HAL_SPI_Init
 *fill*         0x080019b6        0x2 
 .text.TIM_OC1_SetConfig
                0x080019b8       0x58 Drivers/STM32F4xx_HAL_Driver/stm32f4xx_hal_tim.o
 .text.TIM_OC3_SetConfig
                0x08001a10       0x60 Drivers/STM32F4xx_HAL_Driver/stm32f4xx_hal_tim.o
 .text.TIM_OC4_SetConfig
                0x08001a70       0x50 Drivers/STM32F4xx_HAL_Driver/stm32f4xx_hal_tim.o
 .text.TIM_Base_SetConfig
                0x08001ac0       0xc8 Drivers/STM32F4xx_HAL_Driver/stm32f4xx_hal_tim.o
                0x08001ac0                TIM_Base_SetConfig
 .text.HAL_TIM_PWM_Init
                0x08001b88       0x34 Drivers/STM32F4xx_HAL_Driver/stm32f4xx_hal_tim.o
                0x08001b88                HAL_TIM_PWM_Init
 .text.HAL_TIM_IC_Init
                0x08001bbc       0x34 Drivers/STM32F4xx_HAL_Driver/stm32f4xx_hal_tim.o
                0x08001bbc                HAL_TIM_IC_Init
 .text.HAL_TIM_Encoder_Init
                0x08001bf0       0x92 Drivers/STM32F4xx_HAL_Driver/stm32f4xx_hal_tim.o
                0x08001bf0                HAL_TIM_Encoder_Init
 *fill*         0x08001c82        0x2 
 .text.TIM_TI1_SetConfig
                0x08001c84       0x74 Drivers/STM32F4xx_HAL_Driver/stm32f4xx_hal_tim.o
                0x08001c84                TIM_TI1_SetConfig
 .text.HAL_TIM_IC_ConfigChannel
                0x08001cf8      0x114 Drivers/STM32F4xx_HAL_Driver/stm32f4xx_hal_tim.o
                0x08001cf8                HAL_TIM_IC_ConfigChannel
 .text.TIM_OC2_SetConfig
                0x08001e0c       0x64 Drivers/STM32F4xx_HAL_Driver/stm32f4xx_hal_tim.o
                0x08001e0c                TIM_OC2_SetConfig
 .text.HAL_TIM_PWM_ConfigChannel
                0x08001e70       0xc6 Drivers/STM32F4xx_HAL_Driver/stm32f4xx_hal_tim.o
                0x08001e70                HAL_TIM_PWM_ConfigChannel
 .text.TIM_CCxNChannelCmd
                0x08001f36       0x1a Drivers/STM32F4xx_HAL_Driver/stm32f4xx_hal_tim_ex.o
 .text.HAL_TIMEx_PWMN_Start
                0x08001f50       0x22 Drivers/STM32F4xx_HAL_Driver/stm32f4xx_hal_tim_ex.o
                0x08001f50                HAL_TIMEx_PWMN_Start
 .text.HAL_TIMEx_MasterConfigSynchronization
                0x08001f72       0x44 Drivers/STM32F4xx_HAL_Driver/stm32f4xx_hal_tim_ex.o
                0x08001f72                HAL_TIMEx_MasterConfigSynchronization
 .text.HAL_TIMEx_ConfigBreakDeadTime
                0x08001fb6       0x40 Drivers/STM32F4xx_HAL_Driver/stm32f4xx_hal_tim_ex.o
                0x08001fb6                HAL_TIMEx_ConfigBreakDeadTime
 *fill*         0x08001ff6        0x2 
 .text.UART_SetConfig
                0x08001ff8      0x23c Drivers/STM32F4xx_HAL_Driver/stm32f4xx_hal_uart.o
 .text.HAL_UART_Init
                0x08002234       0x5c Drivers/STM32F4xx_HAL_Driver/stm32f4xx_hal_uart.o
                0x08002234                HAL_UART_Init
 .text.__libc_init_array
                0x08002290       0x4c c:/ac6/systemworkbench/plugins/fr.ac6.mcu.externaltools.arm-none.win32_1.7.0.201602121829/tools/compiler/bin/../lib/gcc/arm-none-eabi/5.2.1/../../../../arm-none-eabi/lib/armv7e-m/fpu\libc_nano.a(lib_a-init.o)
                0x08002290                __libc_init_array
 *(.glue_7)
 .glue_7        0x080022dc        0x0 linker stubs
 *(.glue_7t)
 .glue_7t       0x080022dc        0x0 linker stubs
 *(.eh_frame)
 .eh_frame      0x080022dc        0x0 c:/ac6/systemworkbench/plugins/fr.ac6.mcu.externaltools.arm-none.win32_1.7.0.201602121829/tools/compiler/bin/../lib/gcc/arm-none-eabi/5.2.1/armv7e-m/fpu/crtbegin.o
 *(.init)
 .init          0x080022dc        0x4 c:/ac6/systemworkbench/plugins/fr.ac6.mcu.externaltools.arm-none.win32_1.7.0.201602121829/tools/compiler/bin/../lib/gcc/arm-none-eabi/5.2.1/armv7e-m/fpu/crti.o
                0x080022dc                _init
 .init          0x080022e0        0x8 c:/ac6/systemworkbench/plugins/fr.ac6.mcu.externaltools.arm-none.win32_1.7.0.201602121829/tools/compiler/bin/../lib/gcc/arm-none-eabi/5.2.1/armv7e-m/fpu/crtn.o
 *(.fini)
 .fini          0x080022e8        0x4 c:/ac6/systemworkbench/plugins/fr.ac6.mcu.externaltools.arm-none.win32_1.7.0.201602121829/tools/compiler/bin/../lib/gcc/arm-none-eabi/5.2.1/armv7e-m/fpu/crti.o
                0x080022e8                _fini
 .fini          0x080022ec        0x8 c:/ac6/systemworkbench/plugins/fr.ac6.mcu.externaltools.arm-none.win32_1.7.0.201602121829/tools/compiler/bin/../lib/gcc/arm-none-eabi/5.2.1/armv7e-m/fpu/crtn.o
                0x080022f4                . = ALIGN (0x4)
                0x080022f4                _etext = .

.vfp11_veneer   0x080022f4        0x0
 .vfp11_veneer  0x080022f4        0x0 linker stubs

.v4_bx          0x080022f4        0x0
 .v4_bx         0x080022f4        0x0 linker stubs

.iplt           0x080022f4        0x0
 .iplt          0x080022f4        0x0 c:/ac6/systemworkbench/plugins/fr.ac6.mcu.externaltools.arm-none.win32_1.7.0.201602121829/tools/compiler/bin/../lib/gcc/arm-none-eabi/5.2.1/armv7e-m/fpu/crtbegin.o

.rodata         0x080022f4       0x10
                0x080022f4                . = ALIGN (0x4)
 *(.rodata)
 .rodata        0x080022f4       0x10 Drivers/STM32F4xx_HAL_Driver/stm32f4xx_hal_rcc.o
                0x080022f4                APBAHBPrescTable
 *(.rodata*)
                0x08002304                . = ALIGN (0x4)

.rel.dyn        0x08002304        0x0
 .rel.iplt      0x08002304        0x0 c:/ac6/systemworkbench/plugins/fr.ac6.mcu.externaltools.arm-none.win32_1.7.0.201602121829/tools/compiler/bin/../lib/gcc/arm-none-eabi/5.2.1/armv7e-m/fpu/crtbegin.o

.ARM.extab
 *(.ARM.extab* .gnu.linkonce.armextab.*)

.ARM            0x08002304        0x0
                0x08002304                __exidx_start = .
 *(.ARM.exidx*)
                0x08002304                __exidx_end = .

.preinit_array  0x08002304        0x0
                0x08002304                PROVIDE (__preinit_array_start, .)
 *(.preinit_array*)
                0x08002304                PROVIDE (__preinit_array_end, .)

.init_array     0x08002304        0x4
                0x08002304                PROVIDE (__init_array_start, .)
 *(SORT(.init_array.*))
 *(.init_array*)
 .init_array    0x08002304        0x4 c:/ac6/systemworkbench/plugins/fr.ac6.mcu.externaltools.arm-none.win32_1.7.0.201602121829/tools/compiler/bin/../lib/gcc/arm-none-eabi/5.2.1/armv7e-m/fpu/crtbegin.o
                0x08002308                PROVIDE (__init_array_end, .)

.fini_array     0x08002308        0x4
                [!provide]                PROVIDE (__fini_array_start, .)
 *(SORT(.fini_array.*))
 *(.fini_array*)
 .fini_array    0x08002308        0x4 c:/ac6/systemworkbench/plugins/fr.ac6.mcu.externaltools.arm-none.win32_1.7.0.201602121829/tools/compiler/bin/../lib/gcc/arm-none-eabi/5.2.1/armv7e-m/fpu/crtbegin.o
                [!provide]                PROVIDE (__fini_array_end, .)
                0x0800230c                _sidata = LOADADDR (.data)

.data           0x20000000        0x4 load address 0x0800230c
                0x20000000                . = ALIGN (0x4)
                0x20000000                _sdata = .
 *(.data)
 .data          0x20000000        0x4 Drivers/CMSIS/system_stm32f4xx.o
                0x20000000                SystemCoreClock
 *(.data*)
                0x20000004                . = ALIGN (0x4)
                0x20000004                _edata = .

.jcr            0x20000004        0x0 load address 0x08002310
 .jcr           0x20000004        0x0 c:/ac6/systemworkbench/plugins/fr.ac6.mcu.externaltools.arm-none.win32_1.7.0.201602121829/tools/compiler/bin/../lib/gcc/arm-none-eabi/5.2.1/armv7e-m/fpu/crtbegin.o

.tm_clone_table
                0x20000004        0x0 load address 0x08002310
 .tm_clone_table
                0x20000004        0x0 c:/ac6/systemworkbench/plugins/fr.ac6.mcu.externaltools.arm-none.win32_1.7.0.201602121829/tools/compiler/bin/../lib/gcc/arm-none-eabi/5.2.1/armv7e-m/fpu/crtbegin.o
 .tm_clone_table
                0x20000004        0x0 c:/ac6/systemworkbench/plugins/fr.ac6.mcu.externaltools.arm-none.win32_1.7.0.201602121829/tools/compiler/bin/../lib/gcc/arm-none-eabi/5.2.1/armv7e-m/fpu/crtend.o

.igot.plt       0x20000004        0x0 load address 0x08002310
 .igot.plt      0x20000004        0x0 c:/ac6/systemworkbench/plugins/fr.ac6.mcu.externaltools.arm-none.win32_1.7.0.201602121829/tools/compiler/bin/../lib/gcc/arm-none-eabi/5.2.1/armv7e-m/fpu/crtbegin.o
                0x20000004                . = ALIGN (0x4)

.bss            0x20000004      0x3a8 load address 0x08002310
                0x20000004                _sbss = .
                0x20000004                __bss_start__ = _sbss
 *(.bss)
 .bss           0x20000004       0x1c c:/ac6/systemworkbench/plugins/fr.ac6.mcu.externaltools.arm-none.win32_1.7.0.201602121829/tools/compiler/bin/../lib/gcc/arm-none-eabi/5.2.1/armv7e-m/fpu/crtbegin.o
 *(.bss*)
 *(COMMON)
 COMMON         0x20000020      0x388 Application/User/main.o
                0x20000020                htim8
                0x2000005c                htim4
                0x20000098                hadc2
                0x200000e0                htim5
                0x2000011c                htim3
                0x20000158                huart5
                0x20000198                hadc1
                0x200001e0                huart1
                0x20000220                htim1
                0x2000025c                htim9
                0x20000298                huart4
                0x200002d8                hspi1
                0x20000330                htim2
                0x2000036c                htim12
 COMMON         0x200003a8        0x4 Drivers/STM32F4xx_HAL_Driver/stm32f4xx_hal.o
                0x200003a8                uwTick
                0x200003ac                . = ALIGN (0x4)
                0x200003ac                _ebss = .
                0x200003ac                __bss_end__ = _ebss

._user_heap_stack
                0x200003ac      0x604 load address 0x08002310
                0x200003b0                . = ALIGN (0x8)
 *fill*         0x200003ac        0x4 
                [!provide]                PROVIDE (end, .)
                [!provide]                PROVIDE (_end, .)
                0x200005b0                . = (. + _Min_Heap_Size)
 *fill*         0x200003b0      0x200 
                0x200009b0                . = (. + _Min_Stack_Size)
 *fill*         0x200005b0      0x400 
                0x200009b0                . = ALIGN (0x8)

/DISCARD/
 libc.a(*)
 libm.a(*)
 libgcc.a(*)

.ARM.attributes
                0x00000000       0x30
 *(.ARM.attributes)
 .ARM.attributes
                0x00000000       0x22 c:/ac6/systemworkbench/plugins/fr.ac6.mcu.externaltools.arm-none.win32_1.7.0.201602121829/tools/compiler/bin/../lib/gcc/arm-none-eabi/5.2.1/armv7e-m/fpu/crti.o
 .ARM.attributes
                0x00000022       0x34 c:/ac6/systemworkbench/plugins/fr.ac6.mcu.externaltools.arm-none.win32_1.7.0.201602121829/tools/compiler/bin/../lib/gcc/arm-none-eabi/5.2.1/armv7e-m/fpu/crtbegin.o
 .ARM.attributes
                0x00000056       0x21 Application/SW4STM32/startup_stm32f446xx.o
 .ARM.attributes
                0x00000077       0x39 Application/User/main.o
 .ARM.attributes
                0x000000b0       0x39 Application/User/stm32f4xx_hal_msp.o
 .ARM.attributes
                0x000000e9       0x39 Application/User/stm32f4xx_it.o
 .ARM.attributes
                0x00000122       0x39 Drivers/CMSIS/system_stm32f4xx.o
 .ARM.attributes
                0x0000015b       0x39 Drivers/STM32F4xx_HAL_Driver/stm32f4xx_hal.o
 .ARM.attributes
                0x00000194       0x39 Drivers/STM32F4xx_HAL_Driver/stm32f4xx_hal_adc.o
 .ARM.attributes
                0x000001cd       0x39 Drivers/STM32F4xx_HAL_Driver/stm32f4xx_hal_cortex.o
 .ARM.attributes
                0x00000206       0x39 Drivers/STM32F4xx_HAL_Driver/stm32f4xx_hal_gpio.o
 .ARM.attributes
                0x0000023f       0x39 Drivers/STM32F4xx_HAL_Driver/stm32f4xx_hal_rcc.o
 .ARM.attributes
                0x00000278       0x39 Drivers/STM32F4xx_HAL_Driver/stm32f4xx_hal_rcc_ex.o
 .ARM.attributes
                0x000002b1       0x39 Drivers/STM32F4xx_HAL_Driver/stm32f4xx_hal_spi.o
 .ARM.attributes
                0x000002ea       0x39 Drivers/STM32F4xx_HAL_Driver/stm32f4xx_hal_tim.o
 .ARM.attributes
                0x00000323       0x39 Drivers/STM32F4xx_HAL_Driver/stm32f4xx_hal_tim_ex.o
 .ARM.attributes
                0x0000035c       0x39 Drivers/STM32F4xx_HAL_Driver/stm32f4xx_hal_uart.o
 .ARM.attributes
                0x00000395       0x34 c:/ac6/systemworkbench/plugins/fr.ac6.mcu.externaltools.arm-none.win32_1.7.0.201602121829/tools/compiler/bin/../lib/gcc/arm-none-eabi/5.2.1/../../../../arm-none-eabi/lib/armv7e-m/fpu\libc_nano.a(lib_a-init.o)
 .ARM.attributes
                0x000003c9       0x34 c:/ac6/systemworkbench/plugins/fr.ac6.mcu.externaltools.arm-none.win32_1.7.0.201602121829/tools/compiler/bin/../lib/gcc/arm-none-eabi/5.2.1/armv7e-m/fpu/crtend.o
 .ARM.attributes
                0x000003fd       0x22 c:/ac6/systemworkbench/plugins/fr.ac6.mcu.externaltools.arm-none.win32_1.7.0.201602121829/tools/compiler/bin/../lib/gcc/arm-none-eabi/5.2.1/armv7e-m/fpu/crtn.o
OUTPUT(Zsirlezer_SW.elf elf32-littlearm)

.debug_line     0x00000000     0xa687
 .debug_line    0x00000000       0xd2 Application/SW4STM32/startup_stm32f446xx.o
 .debug_line    0x000000d2      0x9d2 Application/User/main.o
 .debug_line    0x00000aa4      0x9bc Application/User/stm32f4xx_hal_msp.o
 .debug_line    0x00001460      0x7d7 Application/User/stm32f4xx_it.o
 .debug_line    0x00001c37      0x829 Drivers/CMSIS/system_stm32f4xx.o
 .debug_line    0x00002460      0x959 Drivers/STM32F4xx_HAL_Driver/stm32f4xx_hal.o
 .debug_line    0x00002db9      0xc31 Drivers/STM32F4xx_HAL_Driver/stm32f4xx_hal_adc.o
 .debug_line    0x000039ea      0x9cd Drivers/STM32F4xx_HAL_Driver/stm32f4xx_hal_cortex.o
 .debug_line    0x000043b7      0x99a Drivers/STM32F4xx_HAL_Driver/stm32f4xx_hal_gpio.o
 .debug_line    0x00004d51      0xada Drivers/STM32F4xx_HAL_Driver/stm32f4xx_hal_rcc.o
 .debug_line    0x0000582b      0xd8c Drivers/STM32F4xx_HAL_Driver/stm32f4xx_hal_rcc_ex.o
 .debug_line    0x000065b7      0xf93 Drivers/STM32F4xx_HAL_Driver/stm32f4xx_hal_spi.o
 .debug_line    0x0000754a     0x162c Drivers/STM32F4xx_HAL_Driver/stm32f4xx_hal_tim.o
 .debug_line    0x00008b76      0xbc5 Drivers/STM32F4xx_HAL_Driver/stm32f4xx_hal_tim_ex.o
 .debug_line    0x0000973b      0xf4c Drivers/STM32F4xx_HAL_Driver/stm32f4xx_hal_uart.o

.debug_info     0x00000000     0xf4f7
 .debug_info    0x00000000       0xdc Application/SW4STM32/startup_stm32f446xx.o
 .debug_info    0x000000dc     0x226b Application/User/main.o
 .debug_info    0x00002347     0x174a Application/User/stm32f4xx_hal_msp.o
 .debug_info    0x00003a91       0xeb Application/User/stm32f4xx_it.o
 .debug_info    0x00003b7c      0x4e4 Drivers/CMSIS/system_stm32f4xx.o
 .debug_info    0x00004060      0x932 Drivers/STM32F4xx_HAL_Driver/stm32f4xx_hal.o
 .debug_info    0x00004992      0xcc2 Drivers/STM32F4xx_HAL_Driver/stm32f4xx_hal_adc.o
 .debug_info    0x00005654      0xe88 Drivers/STM32F4xx_HAL_Driver/stm32f4xx_hal_cortex.o
 .debug_info    0x000064dc      0x76f Drivers/STM32F4xx_HAL_Driver/stm32f4xx_hal_gpio.o
 .debug_info    0x00006c4b      0xcc2 Drivers/STM32F4xx_HAL_Driver/stm32f4xx_hal_rcc.o
 .debug_info    0x0000790d     0x1300 Drivers/STM32F4xx_HAL_Driver/stm32f4xx_hal_rcc_ex.o
 .debug_info    0x00008c0d     0x183c Drivers/STM32F4xx_HAL_Driver/stm32f4xx_hal_spi.o
 .debug_info    0x0000a449     0x2eaa Drivers/STM32F4xx_HAL_Driver/stm32f4xx_hal_tim.o
 .debug_info    0x0000d2f3      0xf6f Drivers/STM32F4xx_HAL_Driver/stm32f4xx_hal_tim_ex.o
 .debug_info    0x0000e262     0x1295 Drivers/STM32F4xx_HAL_Driver/stm32f4xx_hal_uart.o

.debug_abbrev   0x00000000     0x2211
 .debug_abbrev  0x00000000       0x12 Application/SW4STM32/startup_stm32f446xx.o
 .debug_abbrev  0x00000012      0x2d0 Application/User/main.o
 .debug_abbrev  0x000002e2      0x23e Application/User/stm32f4xx_hal_msp.o
 .debug_abbrev  0x00000520       0xa7 Application/User/stm32f4xx_it.o
 .debug_abbrev  0x000005c7      0x104 Drivers/CMSIS/system_stm32f4xx.o
 .debug_abbrev  0x000006cb      0x247 Drivers/STM32F4xx_HAL_Driver/stm32f4xx_hal.o
 .debug_abbrev  0x00000912      0x2c8 Drivers/STM32F4xx_HAL_Driver/stm32f4xx_hal_adc.o
 .debug_abbrev  0x00000bda      0x332 Drivers/STM32F4xx_HAL_Driver/stm32f4xx_hal_cortex.o
 .debug_abbrev  0x00000f0c      0x1cb Drivers/STM32F4xx_HAL_Driver/stm32f4xx_hal_gpio.o
 .debug_abbrev  0x000010d7      0x321 Drivers/STM32F4xx_HAL_Driver/stm32f4xx_hal_rcc.o
 .debug_abbrev  0x000013f8      0x269 Drivers/STM32F4xx_HAL_Driver/stm32f4xx_hal_rcc_ex.o
 .debug_abbrev  0x00001661      0x33a Drivers/STM32F4xx_HAL_Driver/stm32f4xx_hal_spi.o
 .debug_abbrev  0x0000199b      0x314 Drivers/STM32F4xx_HAL_Driver/stm32f4xx_hal_tim.o
 .debug_abbrev  0x00001caf      0x273 Drivers/STM32F4xx_HAL_Driver/stm32f4xx_hal_tim_ex.o
 .debug_abbrev  0x00001f22      0x2ef Drivers/STM32F4xx_HAL_Driver/stm32f4xx_hal_uart.o

.debug_aranges  0x00000000      0xa20
 .debug_aranges
                0x00000000       0x28 Application/SW4STM32/startup_stm32f446xx.o
 .debug_aranges
                0x00000028       0x40 Application/User/main.o
 .debug_aranges
                0x00000068       0x88 Application/User/stm32f4xx_hal_msp.o
 .debug_aranges
                0x000000f0       0x20 Application/User/stm32f4xx_it.o
 .debug_aranges
                0x00000110       0x28 Drivers/CMSIS/system_stm32f4xx.o
 .debug_aranges
                0x00000138       0xb8 Drivers/STM32F4xx_HAL_Driver/stm32f4xx_hal.o
 .debug_aranges
                0x000001f0       0xb8 Drivers/STM32F4xx_HAL_Driver/stm32f4xx_hal_adc.o
 .debug_aranges
                0x000002a8       0x98 Drivers/STM32F4xx_HAL_Driver/stm32f4xx_hal_cortex.o
 .debug_aranges
                0x00000340       0x58 Drivers/STM32F4xx_HAL_Driver/stm32f4xx_hal_gpio.o
 .debug_aranges
                0x00000398       0x80 Drivers/STM32F4xx_HAL_Driver/stm32f4xx_hal_rcc.o
 .debug_aranges
                0x00000418       0x58 Drivers/STM32F4xx_HAL_Driver/stm32f4xx_hal_rcc_ex.o
 .debug_aranges
                0x00000470      0x150 Drivers/STM32F4xx_HAL_Driver/stm32f4xx_hal_spi.o
 .debug_aranges
                0x000005c0      0x250 Drivers/STM32F4xx_HAL_Driver/stm32f4xx_hal_tim.o
 .debug_aranges
                0x00000810       0xf0 Drivers/STM32F4xx_HAL_Driver/stm32f4xx_hal_tim_ex.o
 .debug_aranges
                0x00000900      0x120 Drivers/STM32F4xx_HAL_Driver/stm32f4xx_hal_uart.o

.debug_ranges   0x00000000     0x1030
 .debug_ranges  0x00000000       0x20 Application/SW4STM32/startup_stm32f446xx.o
 .debug_ranges  0x00000020      0x118 Application/User/main.o
 .debug_ranges  0x00000138       0xe8 Application/User/stm32f4xx_hal_msp.o
 .debug_ranges  0x00000220       0x10 Application/User/stm32f4xx_it.o
 .debug_ranges  0x00000230       0x18 Drivers/CMSIS/system_stm32f4xx.o
 .debug_ranges  0x00000248       0xa8 Drivers/STM32F4xx_HAL_Driver/stm32f4xx_hal.o
 .debug_ranges  0x000002f0       0xc0 Drivers/STM32F4xx_HAL_Driver/stm32f4xx_hal_adc.o
 .debug_ranges  0x000003b0      0x148 Drivers/STM32F4xx_HAL_Driver/stm32f4xx_hal_cortex.o
 .debug_ranges  0x000004f8       0x70 Drivers/STM32F4xx_HAL_Driver/stm32f4xx_hal_gpio.o
 .debug_ranges  0x00000568      0x150 Drivers/STM32F4xx_HAL_Driver/stm32f4xx_hal_rcc.o
 .debug_ranges  0x000006b8      0x2d0 Drivers/STM32F4xx_HAL_Driver/stm32f4xx_hal_rcc_ex.o
 .debug_ranges  0x00000988      0x170 Drivers/STM32F4xx_HAL_Driver/stm32f4xx_hal_spi.o
 .debug_ranges  0x00000af8      0x330 Drivers/STM32F4xx_HAL_Driver/stm32f4xx_hal_tim.o
 .debug_ranges  0x00000e28       0xe0 Drivers/STM32F4xx_HAL_Driver/stm32f4xx_hal_tim_ex.o
 .debug_ranges  0x00000f08      0x128 Drivers/STM32F4xx_HAL_Driver/stm32f4xx_hal_uart.o

.debug_loc      0x00000000     0x867a
 .debug_loc     0x00000000       0x42 Application/User/main.o
 .debug_loc     0x00000042      0x1ed Application/User/stm32f4xx_hal_msp.o
 .debug_loc     0x0000022f       0xd7 Drivers/CMSIS/system_stm32f4xx.o
 .debug_loc     0x00000306       0x92 Drivers/STM32F4xx_HAL_Driver/stm32f4xx_hal.o
 .debug_loc     0x00000398      0x771 Drivers/STM32F4xx_HAL_Driver/stm32f4xx_hal_adc.o
 .debug_loc     0x00000b09      0x4ab Drivers/STM32F4xx_HAL_Driver/stm32f4xx_hal_cortex.o
 .debug_loc     0x00000fb4      0x374 Drivers/STM32F4xx_HAL_Driver/stm32f4xx_hal_gpio.o
 .debug_loc     0x00001328      0x49b Drivers/STM32F4xx_HAL_Driver/stm32f4xx_hal_rcc.o
 .debug_loc     0x000017c3      0xcf3 Drivers/STM32F4xx_HAL_Driver/stm32f4xx_hal_rcc_ex.o
 .debug_loc     0x000024b6     0x1725 Drivers/STM32F4xx_HAL_Driver/stm32f4xx_hal_spi.o
 .debug_loc     0x00003bdb     0x3146 Drivers/STM32F4xx_HAL_Driver/stm32f4xx_hal_tim.o
 .debug_loc     0x00006d21      0x7b9 Drivers/STM32F4xx_HAL_Driver/stm32f4xx_hal_tim_ex.o
 .debug_loc     0x000074da     0x11a0 Drivers/STM32F4xx_HAL_Driver/stm32f4xx_hal_uart.o

.debug_macro    0x00000000    0x15927
 .debug_macro   0x00000000      0x305 Application/User/main.o
 .debug_macro   0x00000305      0x89e Application/User/main.o
 .debug_macro   0x00000ba3       0x3a Application/User/main.o
 .debug_macro   0x00000bdd      0x18b Application/User/main.o
 .debug_macro   0x00000d68       0x31 Application/User/main.o
 .debug_macro   0x00000d99       0x28 Application/User/main.o
 .debug_macro   0x00000dc1       0x22 Application/User/main.o
 .debug_macro   0x00000de3       0x44 Application/User/main.o
 .debug_macro   0x00000e27       0xfd Application/User/main.o
 .debug_macro   0x00000f24       0x22 Application/User/main.o
 .debug_macro   0x00000f46      0x1df Application/User/main.o
 .debug_macro   0x00001125       0x35 Application/User/main.o
 .debug_macro   0x0000115a       0x50 Application/User/main.o
 .debug_macro   0x000011aa      0xe66 Application/User/main.o
 .debug_macro   0x00002010     0x97db Application/User/main.o
 .debug_macro   0x0000b7eb       0x43 Application/User/main.o
 .debug_macro   0x0000b82e     0x347f Application/User/main.o
 .debug_macro   0x0000ecad       0x58 Application/User/main.o
 .debug_macro   0x0000ed05       0x35 Application/User/main.o
 .debug_macro   0x0000ed3a       0x9c Application/User/main.o
 .debug_macro   0x0000edd6       0x16 Application/User/main.o
 .debug_macro   0x0000edec       0x97 Application/User/main.o
 .debug_macro   0x0000ee83      0x329 Application/User/main.o
 .debug_macro   0x0000f1ac       0xfd Application/User/main.o
 .debug_macro   0x0000f2a9       0x10 Application/User/main.o
 .debug_macro   0x0000f2b9       0x52 Application/User/main.o
 .debug_macro   0x0000f30b       0x16 Application/User/main.o
 .debug_macro   0x0000f321       0x43 Application/User/main.o
 .debug_macro   0x0000f364      0x187 Application/User/main.o
 .debug_macro   0x0000f4eb       0x10 Application/User/main.o
 .debug_macro   0x0000f4fb       0x22 Application/User/main.o
 .debug_macro   0x0000f51d       0x3a Application/User/main.o
 .debug_macro   0x0000f557       0x10 Application/User/main.o
 .debug_macro   0x0000f567       0x40 Application/User/main.o
 .debug_macro   0x0000f5a7       0x65 Application/User/main.o
 .debug_macro   0x0000f60c       0x16 Application/User/main.o
 .debug_macro   0x0000f622      0x197 Application/User/main.o
 .debug_macro   0x0000f7b9       0x50 Application/User/main.o
 .debug_macro   0x0000f809      0xc9e Application/User/main.o
 .debug_macro   0x000104a7      0x9e1 Application/User/main.o
 .debug_macro   0x00010e88      0x11e Application/User/main.o
 .debug_macro   0x00010fa6      0x1a0 Application/User/main.o
 .debug_macro   0x00011146       0x27 Application/User/main.o
 .debug_macro   0x0001116d      0x287 Application/User/main.o
 .debug_macro   0x000113f4       0x5f Application/User/main.o
 .debug_macro   0x00011453      0x23a Application/User/main.o
 .debug_macro   0x0001168d      0x391 Application/User/main.o
 .debug_macro   0x00011a1e      0x176 Application/User/main.o
 .debug_macro   0x00011b94       0xf9 Application/User/main.o
 .debug_macro   0x00011c8d      0x13a Application/User/main.o
 .debug_macro   0x00011dc7      0x29c Application/User/main.o
 .debug_macro   0x00012063       0x2e Application/User/main.o
 .debug_macro   0x00012091      0x11e Application/User/main.o
 .debug_macro   0x000121af       0xe8 Application/User/main.o
 .debug_macro   0x00012297       0x89 Application/User/main.o
 .debug_macro   0x00012320      0x202 Application/User/main.o
 .debug_macro   0x00012522      0x6d9 Application/User/main.o
 .debug_macro   0x00012bfb       0x62 Application/User/main.o
 .debug_macro   0x00012c5d      0x14d Application/User/main.o
 .debug_macro   0x00012daa      0x287 Application/User/main.o
 .debug_macro   0x00013031      0x11e Application/User/main.o
 .debug_macro   0x0001314f      0x301 Application/User/stm32f4xx_hal_msp.o
 .debug_macro   0x00013450      0x30b Application/User/stm32f4xx_it.o
 .debug_macro   0x0001375b      0x307 Drivers/CMSIS/system_stm32f4xx.o
 .debug_macro   0x00013a62      0x34f Drivers/STM32F4xx_HAL_Driver/stm32f4xx_hal.o
 .debug_macro   0x00013db1      0x302 Drivers/STM32F4xx_HAL_Driver/stm32f4xx_hal_adc.o
 .debug_macro   0x000140b3      0x301 Drivers/STM32F4xx_HAL_Driver/stm32f4xx_hal_cortex.o
 .debug_macro   0x000143b4      0x339 Drivers/STM32F4xx_HAL_Driver/stm32f4xx_hal_gpio.o
 .debug_macro   0x000146ed      0x32b Drivers/STM32F4xx_HAL_Driver/stm32f4xx_hal_rcc.o
 .debug_macro   0x00014a18      0x301 Drivers/STM32F4xx_HAL_Driver/stm32f4xx_hal_rcc_ex.o
 .debug_macro   0x00014d19      0x309 Drivers/STM32F4xx_HAL_Driver/stm32f4xx_hal_spi.o
 .debug_macro   0x00015022      0x302 Drivers/STM32F4xx_HAL_Driver/stm32f4xx_hal_tim.o
 .debug_macro   0x00015324      0x301 Drivers/STM32F4xx_HAL_Driver/stm32f4xx_hal_tim_ex.o
 .debug_macro   0x00015625      0x302 Drivers/STM32F4xx_HAL_Driver/stm32f4xx_hal_uart.o

.debug_str      0x00000000    0x79897
 .debug_str     0x00000000    0x7700d Application/User/main.o
                              0x773f9 (size before relaxing)
 .debug_str     0x0007700d      0x197 Application/User/stm32f4xx_hal_msp.o
                              0x76eca (size before relaxing)
 .debug_str     0x000771a4       0x7f Application/User/stm32f4xx_it.o
                              0x75dfd (size before relaxing)
 .debug_str     0x00077223      0x122 Drivers/CMSIS/system_stm32f4xx.o
                              0x75ff5 (size before relaxing)
 .debug_str     0x00077345      0x49e Drivers/STM32F4xx_HAL_Driver/stm32f4xx_hal.o
                              0x769f8 (size before relaxing)
 .debug_str     0x000777e3      0x27b Drivers/STM32F4xx_HAL_Driver/stm32f4xx_hal_adc.o
                              0x764fa (size before relaxing)
 .debug_str     0x00077a5e      0x330 Drivers/STM32F4xx_HAL_Driver/stm32f4xx_hal_cortex.o
                              0x7683e (size before relaxing)
 .debug_str     0x00077d8e      0x260 Drivers/STM32F4xx_HAL_Driver/stm32f4xx_hal_gpio.o
                              0x7624c (size before relaxing)
 .debug_str     0x00077fee      0x242 Drivers/STM32F4xx_HAL_Driver/stm32f4xx_hal_rcc.o
                              0x763e0 (size before relaxing)
 .debug_str     0x00078230      0x2e0 Drivers/STM32F4xx_HAL_Driver/stm32f4xx_hal_rcc_ex.o
                              0x7636f (size before relaxing)
 .debug_str     0x00078510      0x3eb Drivers/STM32F4xx_HAL_Driver/stm32f4xx_hal_spi.o
                              0x76669 (size before relaxing)
 .debug_str     0x000788fb      0x922 Drivers/STM32F4xx_HAL_Driver/stm32f4xx_hal_tim.o
                              0x76d35 (size before relaxing)
 .debug_str     0x0007921d      0x312 Drivers/STM32F4xx_HAL_Driver/stm32f4xx_hal_tim_ex.o
                              0x76784 (size before relaxing)
 .debug_str     0x0007952f      0x368 Drivers/STM32F4xx_HAL_Driver/stm32f4xx_hal_uart.o
                              0x7662d (size before relaxing)

.comment        0x00000000       0x6e
 .comment       0x00000000       0x6e Application/User/main.o
                                 0x6f (size before relaxing)
 .comment       0x0000006e       0x6f Application/User/stm32f4xx_hal_msp.o
 .comment       0x0000006e       0x6f Application/User/stm32f4xx_it.o
 .comment       0x0000006e       0x6f Drivers/CMSIS/system_stm32f4xx.o
 .comment       0x0000006e       0x6f Drivers/STM32F4xx_HAL_Driver/stm32f4xx_hal.o
 .comment       0x0000006e       0x6f Drivers/STM32F4xx_HAL_Driver/stm32f4xx_hal_adc.o
 .comment       0x0000006e       0x6f Drivers/STM32F4xx_HAL_Driver/stm32f4xx_hal_cortex.o
 .comment       0x0000006e       0x6f Drivers/STM32F4xx_HAL_Driver/stm32f4xx_hal_gpio.o
 .comment       0x0000006e       0x6f Drivers/STM32F4xx_HAL_Driver/stm32f4xx_hal_rcc.o
 .comment       0x0000006e       0x6f Drivers/STM32F4xx_HAL_Driver/stm32f4xx_hal_rcc_ex.o
 .comment       0x0000006e       0x6f Drivers/STM32F4xx_HAL_Driver/stm32f4xx_hal_spi.o
 .comment       0x0000006e       0x6f Drivers/STM32F4xx_HAL_Driver/stm32f4xx_hal_tim.o
 .comment       0x0000006e       0x6f Drivers/STM32F4xx_HAL_Driver/stm32f4xx_hal_tim_ex.o
 .comment       0x0000006e       0x6f Drivers/STM32F4xx_HAL_Driver/stm32f4xx_hal_uart.o

.debug_frame    0x00000000     0x1dfc
 .debug_frame   0x00000000       0x9c Application/User/main.o
 .debug_frame   0x0000009c      0x178 Application/User/stm32f4xx_hal_msp.o
 .debug_frame   0x00000214       0x2c Application/User/stm32f4xx_it.o
 .debug_frame   0x00000240       0x30 Drivers/CMSIS/system_stm32f4xx.o
 .debug_frame   0x00000270      0x184 Drivers/STM32F4xx_HAL_Driver/stm32f4xx_hal.o
 .debug_frame   0x000003f4      0x23c Drivers/STM32F4xx_HAL_Driver/stm32f4xx_hal_adc.o
 .debug_frame   0x00000630      0x130 Drivers/STM32F4xx_HAL_Driver/stm32f4xx_hal_cortex.o
 .debug_frame   0x00000760       0xd4 Drivers/STM32F4xx_HAL_Driver/stm32f4xx_hal_gpio.o
 .debug_frame   0x00000834      0x138 Drivers/STM32F4xx_HAL_Driver/stm32f4xx_hal_rcc.o
 .debug_frame   0x0000096c       0xd8 Drivers/STM32F4xx_HAL_Driver/stm32f4xx_hal_rcc_ex.o
 .debug_frame   0x00000a44      0x490 Drivers/STM32F4xx_HAL_Driver/stm32f4xx_hal_spi.o
 .debug_frame   0x00000ed4      0x854 Drivers/STM32F4xx_HAL_Driver/stm32f4xx_hal_tim.o
 .debug_frame   0x00001728      0x334 Drivers/STM32F4xx_HAL_Driver/stm32f4xx_hal_tim_ex.o
 .debug_frame   0x00001a5c      0x374 Drivers/STM32F4xx_HAL_Driver/stm32f4xx_hal_uart.o
 .debug_frame   0x00001dd0       0x2c c:/ac6/systemworkbench/plugins/fr.ac6.mcu.externaltools.arm-none.win32_1.7.0.201602121829/tools/compiler/bin/../lib/gcc/arm-none-eabi/5.2.1/../../../../arm-none-eabi/lib/armv7e-m/fpu\libc_nano.a(lib_a-init.o)
